SQL>  select round((SYSDATE-to_date('2000-1-1', 'YYYY-MM-DD'))/7, 0)week,round(months_between(sysdate,to_date('2000-1-1', 'YYYY-MM-DD')), 0)MONTH from dual;

      WEEK      MONTH
---------- ----------
       931        214

SQL> spool off
SQL>  select * from emp e where INSTR(ename,'A',3) > 0;

     EMPNO ENAME      JOB              MGR HIREDATE         SAL       COMM
---------- ---------- --------- ---------- --------- ---------- ----------
    DEPTNO
----------
      7698 BLAKE      MANAGER         7839 01-MAY-81       2850
        30

      7782 CLARK      MANAGER         7839 09-JUN-81       2450
        10

      7876 ADAMS      CLERK           7788 23-MAY-87       1100
        20


SQL> spool off;
SQL> select trim('h' from 'hello'), trim(' Hello'), trim('b' from 'bllb'), trim('hello   ') from dual;

TRIM TRIM( TR TRIM(
---- ----- -- -----
ello Hello ll hello

SQL> spool off
SQL> select ename, concat(to_char(sal,'0,000.00'),'RMB')from emp;

ENAME      CONCAT(TO_CH
---------- ------------
SMITH       0,800.00RMB
ALLEN       1,600.00RMB
WARD        1,250.00RMB
JONES       2,975.00RMB
MARTIN      1,250.00RMB
BLAKE       2,850.00RMB
CLARK       2,450.00RMB
SCOTT       3,000.00RMB
KING        5,000.00RMB
TURNER      1,500.00RMB
ADAMS       1,100.00RMB

ENAME      CONCAT(TO_CH
---------- ------------
JAMES       0,950.00RMB
FORD        3,000.00RMB
MILLER      1,300.00RMB

14 rows selected.

SQL> spool off;
SQL> elect ename, nvl(to_char(mgr),'no one') from emp;
SP2-0734: unknown command beginning "elect enam..." - rest of line ignored.
SQL>  select ename, nvl(to_char(mgr),'no one') from emp;

ENAME      NVL(TO_CHAR(MGR),'NOONE')
---------- ----------------------------------------
SMITH      7902
ALLEN      7698
WARD       7698
JONES      7839
MARTIN     7698
BLAKE      7839
CLARK      7839
SCOTT      7566
KING       no one
TURNER     7698
ADAMS      7788

ENAME      NVL(TO_CHAR(MGR),'NOONE')
---------- ----------------------------------------
JAMES      7698
FORD       7566
MILLER     7782

14 rows selected.

SQL> spool off
SQL> select ename, concat(extract(month from hiredate)||'/',extract(year from hiredate))hiredate from emp;

ENAME
----------
HIREDATE
--------------------------------------------------------------------------------
SMITH
12/1980

ALLEN
2/1981

WARD
2/1981


ENAME
----------
HIREDATE
--------------------------------------------------------------------------------
JONES
4/1981

MARTIN
9/1981

BLAKE
5/1981


ENAME
----------
HIREDATE
--------------------------------------------------------------------------------
CLARK
6/1981

SCOTT
4/1987

KING
11/1981


ENAME
----------
HIREDATE
--------------------------------------------------------------------------------
TURNER
9/1981

ADAMS
5/1987

JAMES
12/1981


ENAME
----------
HIREDATE
--------------------------------------------------------------------------------
FORD
12/1981

MILLER
1/1982


14 rows selected.

SQL> spool off
SQL> select decode(SAL, between 1000 and 2000, sal*1.1, sal) from emp;
select decode(SAL, between 1000 and 2000, sal*1.1, sal) from emp
                   *
ERROR at line 1:
ORA-00936: missing expression


SQL>
SQL>
SQL> select sal 老, sal*DECODE(sal/1000, 1,0.1,2,0.15,0,0, 0.2)税费 from emp;
select sal 老, sal*DECODE(sal/1000, 1,0.1,2,0.15,0,0, 0.2)税费 from emp
                                                                         *
ERROR at line 1:
ORA-00942: table or view does not exist


SQL> select sal 老, sal*DECODE(sal/1000, 1,0.1,2,0.15,0,0, 0.2)税费 from emp;
select sal 老, sal*DECODE(sal/1000, 1,0.1,2,0.15,0,0, 0.2)税费 from emp
                                                                         *
ERROR at line 1:
ORA-00942: table or view does not exist


SQL> exit
SQL> select sal salary, sal*DECODE(sal/1000, 1,0.1,2,0.15,0,0, 0.2)tax from emp;

select sal salary, sal*DECODE(TRUNC(sal/1000), 1,0.1,2,0.15,0,0, 0.2)tax from emp;

    SALARY        TAX
---------- ----------
       800        160
      1600        320
      1250        250
      2975        595
      1250        250
      2850        570
      2450        490
      3000        600
      5000       1000
      1500        300
      1100        220

    SALARY        TAX
---------- ----------
       950        190
      3000        600
      1300        260

14 rows selected.

SQL> spool off
SQL> select ename name, lpad(to_char(sal),10,'$')SALARY from emp;

NAME       SALARY
---------- ----------------------------------------
SMITH      $$$$$$$800
ALLEN      $$$$$$1600
WARD       $$$$$$1250
JONES      $$$$$$2975
MARTIN     $$$$$$1250
BLAKE      $$$$$$2850
CLARK      $$$$$$2450
SCOTT      $$$$$$3000
KING       $$$$$$5000
TURNER     $$$$$$1500
ADAMS      $$$$$$1100

NAME       SALARY
---------- ----------------------------------------
JAMES      $$$$$$$950
FORD       $$$$$$3000
MILLER     $$$$$$1300

14 rows selected.

